#
# There is insufficient memory for the Java Runtime Environment to continue.
# Native memory allocation (mmap) failed to map 268435456 bytes. Error detail: G1 virtual space
# Possible reasons:
#   The system is out of physical RAM or swap space
#   This process is running with CompressedOops enabled, and the Java Heap may be blocking the growth of the native heap
# Possible solutions:
#   Reduce memory load on the system
#   Increase physical memory or swap space
#   Check if swap backing store is full
#   Decrease Java heap size (-Xmx/-Xms)
#   Decrease number of Java threads
#   Decrease Java thread stack sizes (-Xss)
#   Set larger code cache with -XX:ReservedCodeCacheSize=
#   JVM is running with Zero Based Compressed Oops mode in which the Java heap is
#     placed in the first 32GB address space. The Java Heap base address is the
#     maximum limit for the native heap growth. Please use -XX:HeapBaseMinAddress
#     to set the Java Heap base and to place the Java Heap above 32GB virtual address.
# This output file may be truncated or incomplete.
#
#  Out of Memory Error (os_windows.cpp:3766), pid=17168, tid=928
#
# JRE version:  (25.0.2+1) (build )
# Java VM: OpenJDK 64-Bit Server VM (25.0.2+1-b329.72, mixed mode, sharing, tiered, compressed oops, compressed class ptrs, g1 gc, windows-amd64)
# No core dump will be written. Minidumps are not enabled by default on client versions of Windows
#

---------------  S U M M A R Y ------------

Command Line: git4idea.http.GitAskPassApp Username for 'https://github.com': 

Host: AMD Ryzen 5 2600 Six-Core Processor            , 12 cores, 15G,  Windows 10 , 64 bit Build 19041 (10.0.19041.6807)
Time: Sat Apr 11 22:20:54 2026 elapsed time: 0.014661 seconds (0d 0h 0m 0s)

---------------  T H R E A D  ---------------

Current thread (0x0000018793140c90):  JavaThread "Unknown thread" [_thread_in_vm, id=928, stack(0x0000001824600000,0x0000001824700000) (1024K)]

Stack: [0x0000001824600000,0x0000001824700000]
Native frames: (J=compiled Java code, j=interpreted, Vv=VM code, C=native code)
V  [jvm.dll+0x7c0b19]  (no source info available)
V  [jvm.dll+0x78a2ed]  (no source info available)
V  [jvm.dll+0xa0e563]  (no source info available)
V  [jvm.dll+0xa10d5c]  (no source info available)
V  [jvm.dll+0xa11453]  (no source info available)
V  [jvm.dll+0x307b86]  (no source info available)
V  [jvm.dll+0x7bcd25]  (no source info available)
V  [jvm.dll+0x7afce7]  (no source info available)
V  [jvm.dll+0x4015ce]  (no source info available)
V  [jvm.dll+0x4093eb]  (no source info available)
V  [jvm.dll+0x3f5c29]  (no source info available)
V  [jvm.dll+0x3f5edb]  (no source info available)
V  [jvm.dll+0x3cc093]  (no source info available)
V  [jvm.dll+0x3cccfe]  (no source info available)
V  [jvm.dll+0x9d48d7]  (no source info available)
V  [jvm.dll+0x466ce2]  (no source info available)
V  [jvm.dll+0x9b8019]  (no source info available)
V  [jvm.dll+0x508951]  (no source info available)
V  [jvm.dll+0x50a2c1]  (no source info available)
C  [jli.dll+0x541a]  (no source info available)
C  [ucrtbase.dll+0x21bb2]  (no source info available)
C  [KERNEL32.DLL+0x17374]  (no source info available)
C  [ntdll.dll+0x4cc91]  (no source info available)

Lock stack of current Java thread (top to bottom):


---------------  P R O C E S S  ---------------

Threads class SMR info:
_java_thread_list=0x00007fffe1009108, length=0, elements={
}

Java Threads: ( => current thread )
Total: 0

Other Threads:
  0x00000187954b0be0 WorkerThread "GC Thread#0"                     [id=22360, stack(0x0000001824700000,0x0000001824800000) (1024K)]
  0x00000187954cac80 ConcurrentGCThread "G1 Main Marker"            [id=24620, stack(0x0000001824800000,0x0000001824900000) (1024K)]
  0x00000187954cbfd0 WorkerThread "G1 Conc#0"                       [id=16300, stack(0x0000001824900000,0x0000001824a00000) (1024K)]

[error occurred during error reporting (printing all threads), id 0xc0000005, EXCEPTION_ACCESS_VIOLATION (0xc0000005) at pc=0x00007fffe0620cea]
VM state: not at safepoint (not fully initialized)

VM Mutex/Monitor currently owned by a thread:  ([mutex/lock_event])
[0x00007fffe1091d20] Heap_lock - owner thread: 0x0000018793140c90

Heap address: 0x0000000701200000, size: 4078 MB, Compressed Oops mode: Zero based, Oop shift amount: 3

CDS archive(s) mapped at: [0x0000000000000000-0x0000000000000000-0x0000000000000000), size 0, SharedBaseAddress: 0x0000000800000000, ArchiveRelocationMode: 1.
UseCompressedClassPointers 1, UseCompactObjectHeaders 0
Narrow klass pointer bits 32, Max shift 3
Narrow klass base: 0xffffffffffffffff, Narrow klass shift: -1
Encoding Range: [0xffffffffffffffff - 0x000000007fffffff), (2147483648 bytes)
Klass Range:    [0x0000000000000000 - 0x0000000000000000), (0 bytes)
Klass ID Range:  [4294967295 - 0) (1)
No protection zone.

GC Precious Log:
 CardTable entry size: 512
 Card Set container configuration: InlinePtr #cards 4 size 8 Array Of Cards #cards 16 size 48 Howl #buckets 8 coarsen threshold 3686 Howl Bitmap #cards 512 size 80 coarsen threshold 460 Card regions per heap region 1 cards per card region 4096

Heap:
 garbage-first heap   total reserved 4175872K, committed 0K, used 0K [0x0000000701200000, 0x0000000800000000)
  region size 2048K, 0 young (0K), 0 survivors (0K)

Heap Regions: E=young(eden), S=young(survivor), O=old, HS=humongous(starts), HC=humongous(continues), CS=collection set, F=free, TAMS=top-at-mark-start, PB=parsable bottom

Card table byte_map: [0x00000187a95a0000,0x00000187a9da0000] _byte_map_base: 0x00000187a5d97000

Marking Bits: (CMBitMap*) 0x00000187954b2380
 Bits: [0x00000187a9da0000, 0x00000187add58000)

GC Heap Usage History (0 events):
No events

Metaspace Usage History (0 events):
No events

Dll operation events (1 events):
Event: 0.010 Loaded shared library C:\Program Files\JetBrains\IntelliJ IDEA 2025.3\jbr\bin\java.dll

Deoptimization events (0 events):
No events

Classes loaded (0 events):
No events

Classes unloaded (0 events):
No events

Classes redefined (0 events):
No events

Internal exceptions (0 events):
No events

VM Operations (0 events):
No events

Memory protections (0 events):
No events

Nmethod flushes (0 events):
No events

Events (0 events):
No events


Dynamic libraries:
0x00007ff70e2a0000 - 0x00007ff70e2aa000 	C:\Program Files\JetBrains\IntelliJ IDEA 2025.3\jbr\bin\java.exe
0x00007ff853a70000 - 0x00007ff853c68000 	C:\WINDOWS\SYSTEM32\ntdll.dll
0x00007ff852950000 - 0x00007ff852a12000 	C:\WINDOWS\System32\KERNEL32.DLL
0x00007ff851730000 - 0x00007ff851a27000 	C:\WINDOWS\System32\KERNELBASE.dll
0x00007ff851180000 - 0x00007ff851280000 	C:\WINDOWS\System32\ucrtbase.dll
0x00007ff8475d0000 - 0x00007ff8475ee000 	C:\Program Files\JetBrains\IntelliJ IDEA 2025.3\jbr\bin\VCRUNTIME140.dll
0x00007ff846550000 - 0x00007ff846567000 	C:\Program Files\JetBrains\IntelliJ IDEA 2025.3\jbr\bin\jli.dll
0x00007ff852e60000 - 0x00007ff852ffd000 	C:\WINDOWS\System32\USER32.dll
0x00007ff851530000 - 0x00007ff851552000 	C:\WINDOWS\System32\win32u.dll
0x00007ff851ca0000 - 0x00007ff851ccb000 	C:\WINDOWS\System32\GDI32.dll
0x00007ff844ae0000 - 0x00007ff844d7b000 	C:\WINDOWS\WinSxS\amd64_microsoft.windows.common-controls_6595b64144ccf1df_6.0.19041.6926_none_60b5a53971f8f7e6\COMCTL32.dll
0x00007ff851610000 - 0x00007ff85172a000 	C:\WINDOWS\System32\gdi32full.dll
0x00007ff851cd0000 - 0x00007ff851d6e000 	C:\WINDOWS\System32\msvcrt.dll
0x00007ff851280000 - 0x00007ff85131d000 	C:\WINDOWS\System32\msvcp_win.dll
0x00007ff853a00000 - 0x00007ff853a2f000 	C:\WINDOWS\System32\IMM32.DLL
0x00007ff84df10000 - 0x00007ff84df1c000 	C:\Program Files\JetBrains\IntelliJ IDEA 2025.3\jbr\bin\vcruntime140_1.dll
0x00007ff82d2e0000 - 0x00007ff82d369000 	C:\Program Files\JetBrains\IntelliJ IDEA 2025.3\jbr\bin\msvcp140.dll
0x00007fffe0240000 - 0x00007fffe1192000 	C:\Program Files\JetBrains\IntelliJ IDEA 2025.3\jbr\bin\server\jvm.dll
0x00007ff851f10000 - 0x00007ff851fc1000 	C:\WINDOWS\System32\ADVAPI32.dll
0x00007ff852a20000 - 0x00007ff852abf000 	C:\WINDOWS\System32\sechost.dll
0x00007ff852d30000 - 0x00007ff852e56000 	C:\WINDOWS\System32\RPCRT4.dll
0x00007ff851500000 - 0x00007ff851527000 	C:\WINDOWS\System32\bcrypt.dll
0x00007ff852ac0000 - 0x00007ff852b2b000 	C:\WINDOWS\System32\WS2_32.dll
0x00007ff850710000 - 0x00007ff85075b000 	C:\WINDOWS\SYSTEM32\POWRPROF.dll
0x00007ff841860000 - 0x00007ff841887000 	C:\WINDOWS\SYSTEM32\WINMM.dll
0x00007ff84a650000 - 0x00007ff84a65a000 	C:\WINDOWS\SYSTEM32\VERSION.dll
0x00007ff8506f0000 - 0x00007ff850702000 	C:\WINDOWS\SYSTEM32\UMPDC.dll
0x00007ff84ef50000 - 0x00007ff84ef62000 	C:\WINDOWS\SYSTEM32\kernel.appcore.dll
0x00007ff84def0000 - 0x00007ff84defa000 	C:\Program Files\JetBrains\IntelliJ IDEA 2025.3\jbr\bin\jimage.dll
0x00007ff840ed0000 - 0x00007ff8410d1000 	C:\WINDOWS\SYSTEM32\DBGHELP.DLL
0x00007ff831550000 - 0x00007ff831584000 	C:\WINDOWS\SYSTEM32\dbgcore.DLL
0x00007ff8510f0000 - 0x00007ff851172000 	C:\WINDOWS\System32\bcryptPrimitives.dll
0x00007ff847580000 - 0x00007ff84759f000 	C:\Program Files\JetBrains\IntelliJ IDEA 2025.3\jbr\bin\java.dll
0x00007ff852c00000 - 0x00007ff852d2b000 	C:\WINDOWS\System32\ole32.dll
0x00007ff852180000 - 0x00007ff8524d3000 	C:\WINDOWS\System32\combase.dll
0x00007ff853000000 - 0x00007ff853771000 	C:\WINDOWS\System32\SHELL32.dll

JVMTI agents: none

dbghelp: loaded successfully - version: 4.0.5 - missing functions: none
symbol engine: initialized successfully - sym options: 0x614 - pdb path: .;C:\Program Files\JetBrains\IntelliJ IDEA 2025.3\jbr\bin;C:\WINDOWS\SYSTEM32;C:\WINDOWS\WinSxS\amd64_microsoft.windows.common-controls_6595b64144ccf1df_6.0.19041.6926_none_60b5a53971f8f7e6;C:\Program Files\JetBrains\IntelliJ IDEA 2025.3\jbr\bin\server

VM Arguments:
java_command: git4idea.http.GitAskPassApp Username for 'https://github.com': 
java_class_path (initial): C:/Program Files/JetBrains/IntelliJ IDEA 2025.3/plugins/vcs-git/lib/git4idea-rt.jar;C:/Program Files/JetBrains/IntelliJ IDEA 2025.3/lib/externalProcess-rt.jar
Launcher Type: SUN_STANDARD

[Global flags]
     intx CICompilerCount                          = 4                                         {product} {ergonomic}
     uint ConcGCThreads                            = 3                                         {product} {ergonomic}
     uint G1ConcRefinementThreads                  = 10                                        {product} {ergonomic}
   size_t G1HeapRegionSize                         = 2097152                                   {product} {ergonomic}
   size_t InitialHeapSize                          = 268435456                                 {product} {ergonomic}
   size_t MarkStackSize                            = 4194304                                   {product} {ergonomic}
   size_t MarkStackSizeMax                         = 536870912                                 {product} {ergonomic}
   size_t MaxHeapSize                              = 4276092928                                {product} {ergonomic}
   size_t MinHeapDeltaBytes                        = 2097152                                   {product} {ergonomic}
   size_t MinHeapSize                              = 8388608                                   {product} {ergonomic}
    uintx NonNMethodCodeHeapSize                   = 5832704                                {pd product} {ergonomic}
    uintx NonProfiledCodeHeapSize                  = 122945536                              {pd product} {ergonomic}
    uintx ProfiledCodeHeapSize                     = 122880000                              {pd product} {ergonomic}
    uintx ReservedCodeCacheSize                    = 251658240                              {pd product} {ergonomic}
     bool SegmentedCodeCache                       = true                                      {product} {ergonomic}
   size_t SoftMaxHeapSize                          = 4276092928                             {manageable} {ergonomic}
     bool UseCompressedOops                        = true                           {product lp64_product} {ergonomic}
     bool UseG1GC                                  = true                                      {product} {ergonomic}
     bool UseLargePagesIndividualAllocation        = false                                  {pd product} {ergonomic}

Logging:
Log output configuration:
 #0: stdout all=warning uptime,level,tags foldmultilines=false
 #1: stderr all=off uptime,level,tags foldmultilines=false

Release file:
<release file has not been read>
Environment Variables:
JAVA_HOME=C:\Program Files\Java\jdk-24
PATH=C:\Program Files\Git\mingw64\libexec\git-core;C:\Program Files\Git\mingw64\libexec\git-core;C:\Program Files\Git\mingw64\bin;C:\Program Files\Git\usr\bin;C:\Users\aristos\bin;C:\Python313\Scripts;C:\Python313;C:\Program Files\Common Files\Oracle\Java\javapath;C:\WINDOWS\system32;C:\WINDOWS;C:\WINDOWS\System32\Wbem;C:\WINDOWS\System32\WindowsPowerShell\v1.0;C:\WINDOWS\System32\OpenSSH;C:\Program Files (x86)\NVIDIA Corporation\PhysX\Common;C:\Program Files\Git\cmd;C:\Program Files\Docker\Docker\resources\bin;C:\Program Files\nodejs;C:\ProgramData\chocolatey\bin;C:\Users\aristos\Downloads\maven-mvnd-1.0.2-windows-amd64\maven-mvnd-1.0.2-windows-amd64\bin;C:\Program Files\NVIDIA Corporation\NVIDIA App\NvDLISR;C:\Program Files\Vim\vim91;C:\Program Files\db-derby-10.17.1.0-bin\bin;C:\Program Files\dotnet;C:\Program Files (x86)\gnupg\bin;C:\Users\aristos\Downloads\gcc-15.2.0-gdb-16.3.90.20250511-binutils-2.45-mingw-w64-v13.0.0-ucrt\bin;C:\Users\aristos\AppData\Roaming\Python\Python313;C:\Users\aristos\Desktop\???F???\???? f??e???\mining\gminer_3_44_windows64;C:\Users\aristos\AppData\Local\Microsoft\WindowsApps;C:\Users\aristos\AppData\Local\Programs\Microsoft VS Code\bin;C:\Users\aristos\AppData\Roaming\npm;C:\Program Files\JetBrains\IntelliJ IDEA 2025.3\bin;C:\Users\aristos\Downloads\maven-mvnd-1.0.2-windows-amd64\maven-mvnd-1.0.2-windows-amd64\mvn\bin;C:\Users\aristos\.dotnet\tools;C:\Users\aristos\AppData\Local\Programs\Obsidian
USERNAME=aristos
DISPLAY=:0.0
LC_ALL=en_US.UTF-8
TERM=xterm-256color
TMPDIR=C:\Users\aristos\AppData\Local\Temp
OS=Windows_NT
PROCESSOR_IDENTIFIER=AMD64 Family 23 Model 8 Stepping 2, AuthenticAMD
TMP=C:\Users\aristos\AppData\Local\Temp
TEMP=C:\Users\aristos\AppData\Local\Temp




Compilation memory statistics disabled.

Periodic native trim disabled

JNI global refs:
JNI global refs: 0, weak refs: 0

JNI global refs memory usage: 0, weak refs: 0

Process memory usage:
Resident Set Size: 12364K (0% of 16698312K total physical memory with 3664312K free physical memory)

OOME stack traces (most recent first):
Classloader memory used:

---------------  S Y S T E M  ---------------

OS:
 Windows 10 , 64 bit Build 19041 (10.0.19041.6807)
OS uptime: 2 days 3:01 hours
Hyper-V role detected

CPU: total 12 (initial active 12) (12 cores per cpu, 2 threads per core) family 23 model 8 stepping 2 microcode 0x0, cx8, cmov, fxsr, ht, mmx, 3dnowpref, sse, sse2, sse3, ssse3, sse4a, sse4.1, sse4.2, popcnt, lzcnt, tsc, tscinvbit, avx, avx2, aes, clmul, bmi1, bmi2, adx, sha, fma, vzeroupper, clflush, clflushopt, hv, rdtscp, f16c
Processor Information for the first 12 processors :
  Max Mhz: 3400, Current Mhz: 3400, Mhz Limit: 3400

Memory: 4k page, system-wide physical 16306M (3578M free)
TotalPageFile size 20306M (AvailPageFile size 177M)
current process WorkingSet (physical memory assigned to process): 12M, peak: 12M
current process commit charge ("private bytes"): 64M, peak: 320M

vm_info: OpenJDK 64-Bit Server VM (25.0.2+1-b329.72) for windows-amd64 JRE (25.0.2+1-b329.72), built on 2026-03-02 with MS VC++ 17.14 (VS2022)

END.
