#
# There is insufficient memory for the Java Runtime Environment to continue.
# Native memory allocation (malloc) failed to allocate 475928 bytes. Error detail: Chunk::new
# Possible reasons:
#   The system is out of physical RAM or swap space
#   This process is running with CompressedOops enabled, and the Java Heap may be blocking the growth of the native heap
# Possible solutions:
#   Reduce memory load on the system
#   Increase physical memory or swap space
#   Check if swap backing store is full
#   Decrease Java heap size (-Xmx/-Xms)
#   Decrease number of Java threads
#   Decrease Java thread stack sizes (-Xss)
#   Set larger code cache with -XX:ReservedCodeCacheSize=
#   JVM is running with Zero Based Compressed Oops mode in which the Java heap is
#     placed in the first 32GB address space. The Java Heap base address is the
#     maximum limit for the native heap growth. Please use -XX:HeapBaseMinAddress
#     to set the Java Heap base and to place the Java Heap above 32GB virtual address.
# This output file may be truncated or incomplete.
#
#  Out of Memory Error (arena.cpp:186), pid=8468, tid=24788
#
# JRE version: OpenJDK Runtime Environment JBR-25.0.2+1-329.72-jcef (25.0.2+1) (build 25.0.2+1-b329.72)
# Java VM: OpenJDK 64-Bit Server VM JBR-25.0.2+1-329.72-jcef (25.0.2+1-b329.72, mixed mode, sharing, tiered, compressed oops, compressed class ptrs, g1 gc, windows-amd64)
# No core dump will be written. Minidumps are not enabled by default on client versions of Windows
#

---------------  S U M M A R Y ------------

Command Line: git4idea.http.GitAskPassApp Username for 'https://github.com': 

Host: AMD Ryzen 5 2600 Six-Core Processor            , 12 cores, 15G,  Windows 10 , 64 bit Build 19041 (10.0.19041.6807)
Time: Sat Apr 11 20:50:34 2026 elapsed time: 0.396743 seconds (0d 0h 0m 0s)

---------------  T H R E A D  ---------------

Current thread (0x000002266baa0e70):  JavaThread "C2 CompilerThread1" daemon [_thread_in_native, id=24788, stack(0x000000d8afb00000,0x000000d8afc00000) (1024K)]


Current CompileTask:
C2:396 1066       4       sun.security.util.math.intpoly.IntegerPolynomial$MutableElement::setDifference (6 bytes)

Stack: [0x000000d8afb00000,0x000000d8afc00000]
Native frames: (J=compiled Java code, j=interpreted, Vv=VM code, C=native code)
V  [jvm.dll+0x7c0b19]  (no source info available)
V  [jvm.dll+0x78a2ed]  (no source info available)
V  [jvm.dll+0xa0e563]  (no source info available)
V  [jvm.dll+0xa10d5c]  (no source info available)
V  [jvm.dll+0xa11453]  (no source info available)
V  [jvm.dll+0x307b86]  (no source info available)
V  [jvm.dll+0x114676]  (no source info available)
V  [jvm.dll+0x1149a6]  (no source info available)
V  [jvm.dll+0x1a9144]  (no source info available)
V  [jvm.dll+0x3c1142]  (no source info available)
V  [jvm.dll+0x7c6488]  (no source info available)
V  [jvm.dll+0x2c9ce7]  (no source info available)
V  [jvm.dll+0x2c8c5b]  (no source info available)
V  [jvm.dll+0x240590]  (no source info available)
V  [jvm.dll+0x2d8ce4]  (no source info available)
V  [jvm.dll+0x2d6f0b]  (no source info available)
V  [jvm.dll+0x49dbb5]  (no source info available)
V  [jvm.dll+0x9ae45d]  (no source info available)
V  [jvm.dll+0x7bf035]  (no source info available)
C  [ucrtbase.dll+0x21bb2]  (no source info available)
C  [KERNEL32.DLL+0x17374]  (no source info available)
C  [ntdll.dll+0x4cc91]  (no source info available)

Lock stack of current Java thread (top to bottom):


---------------  P R O C E S S  ---------------

Threads class SMR info:
_java_thread_list=0x00000226707c14a0, length=16, elements={
0x000002264de1bde0, 0x000002266b74e280, 0x000002266b7531e0, 0x000002266b757c50,
0x000002266b75a8c0, 0x000002266b75b150, 0x000002266b75b910, 0x000002266b75c0d0,
0x000002266b75f2f0, 0x000002266b76afe0, 0x000002266b92b4e0, 0x000002266baa0e70,
0x000002266bca9e60, 0x000002267079bd50, 0x00000226707a9340, 0x00000226707d3760
}

Java Threads: ( => current thread )
  0x000002264de1bde0 JavaThread "main"                              [_thread_blocked, id=3476, stack(0x000000d8ae900000,0x000000d8aea00000) (1024K)]
  0x000002266b74e280 JavaThread "Common-Cleaner"             daemon [_thread_blocked, id=6856, stack(0x000000d8af100000,0x000000d8af200000) (1024K)]
  0x000002266b7531e0 JavaThread "Reference Handler"          daemon [_thread_blocked, id=21888, stack(0x000000d8af200000,0x000000d8af300000) (1024K)]
  0x000002266b757c50 JavaThread "Finalizer"                  daemon [_thread_blocked, id=16372, stack(0x000000d8af300000,0x000000d8af400000) (1024K)]
  0x000002266b75a8c0 JavaThread "Signal Dispatcher"          daemon [_thread_blocked, id=8540, stack(0x000000d8af400000,0x000000d8af500000) (1024K)]
  0x000002266b75b150 JavaThread "Attach Listener"            daemon [_thread_blocked, id=20444, stack(0x000000d8af500000,0x000000d8af600000) (1024K)]
  0x000002266b75b910 JavaThread "Service Thread"             daemon [_thread_blocked, id=10760, stack(0x000000d8af600000,0x000000d8af700000) (1024K)]
  0x000002266b75c0d0 JavaThread "Monitor Deflation Thread"   daemon [_thread_blocked, id=21956, stack(0x000000d8af700000,0x000000d8af800000) (1024K)]
  0x000002266b75f2f0 JavaThread "C2 CompilerThread0"         daemon [_thread_in_native, id=5308, stack(0x000000d8af800000,0x000000d8af900000) (1024K)]
  0x000002266b76afe0 JavaThread "C1 CompilerThread0"         daemon [_thread_blocked, id=15776, stack(0x000000d8af900000,0x000000d8afa00000) (1024K)]
  0x000002266b92b4e0 JavaThread "Notification Thread"        daemon [_thread_blocked, id=24656, stack(0x000000d8afa00000,0x000000d8afb00000) (1024K)]
=>0x000002266baa0e70 JavaThread "C2 CompilerThread1"         daemon [_thread_in_native, id=24788, stack(0x000000d8afb00000,0x000000d8afc00000) (1024K)]
  0x000002266bca9e60 JavaThread "HttpClient-1-SelectorManager" daemon [_thread_in_native, id=5776, stack(0x000000d8afc00000,0x000000d8afd00000) (1024K)]
  0x000002267079bd50 JavaThread "HttpClient-1-Worker-0"      daemon [_thread_blocked, id=16884, stack(0x000000d8afe00000,0x000000d8aff00000) (1024K)]
  0x00000226707a9340 JavaThread "HttpClient-1-Worker-1"      daemon [_thread_blocked, id=21912, stack(0x000000d8aff00000,0x000000d8b0000000) (1024K)]
  0x00000226707d3760 JavaThread "C2 CompilerThread2"         daemon [_thread_in_native, id=21404, stack(0x000000d8b0000000,0x000000d8b0100000) (1024K)]
Total: 16

Other Threads:
  0x000002266b73d610 VMThread "VM Thread"                           [id=24932, stack(0x000000d8af000000,0x000000d8af100000) (1024K)]
  0x000002266b72d9d0 WatcherThread "VM Periodic Task Thread"        [id=92, stack(0x000000d8aef00000,0x000000d8af000000) (1024K)]
  0x0000022650291990 WorkerThread "GC Thread#0"                     [id=24400, stack(0x000000d8aea00000,0x000000d8aeb00000) (1024K)]
  0x00000226502ab8c0 ConcurrentGCThread "G1 Main Marker"            [id=19688, stack(0x000000d8aeb00000,0x000000d8aec00000) (1024K)]
  0x00000226502acc00 WorkerThread "G1 Conc#0"                       [id=17968, stack(0x000000d8aec00000,0x000000d8aed00000) (1024K)]
  0x000002266b5f6950 ConcurrentGCThread "G1 Refine#0"               [id=26276, stack(0x000000d8aed00000,0x000000d8aee00000) (1024K)]
  0x000002266b5f8470 ConcurrentGCThread "G1 Service"                [id=22588, stack(0x000000d8aee00000,0x000000d8aef00000) (1024K)]
Total: 7

Threads with active compile tasks:
C2 CompilerThread0  582 1141       4       jdk.internal.classfile.impl.SplitConstantPool::internalAdd (78 bytes)
C2 CompilerThread1  582 1066       4       sun.security.util.math.intpoly.IntegerPolynomial$MutableElement::setDifference (6 bytes)
C2 CompilerThread2  582 1002       4       sun.security.ec.ECOperations::setDouble (463 bytes)
Total: 3

VM state: not at safepoint (normal execution)

VM Mutex/Monitor currently owned by a thread: None

Heap address: 0x0000000701200000, size: 4078 MB, Compressed Oops mode: Zero based, Oop shift amount: 3

CDS archive(s) mapped at: [0x0000000095000000-0x0000000096cd0000-0x0000000096cd0000), size 30212096, SharedBaseAddress: 0x0000000095000000, ArchiveRelocationMode: 1.
Compressed class space mapped at: 0x0000000097000000-0x00000000d7000000, reserved size: 1073741824
UseCompressedClassPointers 1, UseCompactObjectHeaders 0
Narrow klass pointer bits 32, Max shift 3
Narrow klass base: 0x0000000095000000, Narrow klass shift: 0
Encoding Range: [0x0000000095000000 - 0x0000000195000000), (4294967296 bytes)
Klass Range:    [0x0000000095010000 - 0x00000000d7000000), (1107230720 bytes)
Klass ID Range:  [65536 - 1107296249) (1107230713)
Protection zone: [0x0000000095000000 - 0x0000000095010000), (65536 bytes)

GC Precious Log:
 CardTable entry size: 512
 Card Set container configuration: InlinePtr #cards 4 size 8 Array Of Cards #cards 16 size 48 Howl #buckets 8 coarsen threshold 3686 Howl Bitmap #cards 512 size 80 coarsen threshold 460 Card regions per heap region 1 cards per card region 4096
 CPUs: 12 total, 12 available
 Memory: 16306M
 Large Page Support: Disabled
 NUMA Support: Disabled
 Compressed Oops: Enabled (Zero based)
 Heap Region Size: 2M
 Heap Min Capacity: 8M
 Heap Initial Capacity: 256M
 Heap Max Capacity: 4078M
 Pre-touch: Disabled
 Parallel Workers: 10
 Concurrent Workers: 3
 Concurrent Refinement Workers: 10
 Periodic GC: Disabled

Heap:
 garbage-first heap   total reserved 4175872K, committed 266240K, used 18692K [0x0000000701200000, 0x0000000800000000)
  region size 2048K, 9 young (18432K), 0 survivors (0K)

Heap Regions: E=young(eden), S=young(survivor), O=old, HS=humongous(starts), HC=humongous(continues), CS=collection set, F=free, TAMS=top-at-mark-start, PB=parsable bottom
|   0|0x0000000701200000, 0x0000000701200000, 0x0000000701400000|  0%| F|  |TAMS 0x0000000701200000| PB 0x0000000701200000| Untracked |  0
|   1|0x0000000701400000, 0x0000000701400000, 0x0000000701600000|  0%| F|  |TAMS 0x0000000701400000| PB 0x0000000701400000| Untracked |  0
|   2|0x0000000701600000, 0x0000000701600000, 0x0000000701800000|  0%| F|  |TAMS 0x0000000701600000| PB 0x0000000701600000| Untracked |  0
|   3|0x0000000701800000, 0x0000000701800000, 0x0000000701a00000|  0%| F|  |TAMS 0x0000000701800000| PB 0x0000000701800000| Untracked |  0
|   4|0x0000000701a00000, 0x0000000701a00000, 0x0000000701c00000|  0%| F|  |TAMS 0x0000000701a00000| PB 0x0000000701a00000| Untracked |  0
|   5|0x0000000701c00000, 0x0000000701c00000, 0x0000000701e00000|  0%| F|  |TAMS 0x0000000701c00000| PB 0x0000000701c00000| Untracked |  0
|   6|0x0000000701e00000, 0x0000000701e00000, 0x0000000702000000|  0%| F|  |TAMS 0x0000000701e00000| PB 0x0000000701e00000| Untracked |  0
|   7|0x0000000702000000, 0x0000000702000000, 0x0000000702200000|  0%| F|  |TAMS 0x0000000702000000| PB 0x0000000702000000| Untracked |  0
|   8|0x0000000702200000, 0x0000000702200000, 0x0000000702400000|  0%| F|  |TAMS 0x0000000702200000| PB 0x0000000702200000| Untracked |  0
|   9|0x0000000702400000, 0x0000000702400000, 0x0000000702600000|  0%| F|  |TAMS 0x0000000702400000| PB 0x0000000702400000| Untracked |  0
|  10|0x0000000702600000, 0x0000000702600000, 0x0000000702800000|  0%| F|  |TAMS 0x0000000702600000| PB 0x0000000702600000| Untracked |  0
|  11|0x0000000702800000, 0x0000000702800000, 0x0000000702a00000|  0%| F|  |TAMS 0x0000000702800000| PB 0x0000000702800000| Untracked |  0
|  12|0x0000000702a00000, 0x0000000702a00000, 0x0000000702c00000|  0%| F|  |TAMS 0x0000000702a00000| PB 0x0000000702a00000| Untracked |  0
|  13|0x0000000702c00000, 0x0000000702c00000, 0x0000000702e00000|  0%| F|  |TAMS 0x0000000702c00000| PB 0x0000000702c00000| Untracked |  0
|  14|0x0000000702e00000, 0x0000000702e00000, 0x0000000703000000|  0%| F|  |TAMS 0x0000000702e00000| PB 0x0000000702e00000| Untracked |  0
|  15|0x0000000703000000, 0x0000000703000000, 0x0000000703200000|  0%| F|  |TAMS 0x0000000703000000| PB 0x0000000703000000| Untracked |  0
|  16|0x0000000703200000, 0x0000000703200000, 0x0000000703400000|  0%| F|  |TAMS 0x0000000703200000| PB 0x0000000703200000| Untracked |  0
|  17|0x0000000703400000, 0x0000000703400000, 0x0000000703600000|  0%| F|  |TAMS 0x0000000703400000| PB 0x0000000703400000| Untracked |  0
|  18|0x0000000703600000, 0x0000000703600000, 0x0000000703800000|  0%| F|  |TAMS 0x0000000703600000| PB 0x0000000703600000| Untracked |  0
|  19|0x0000000703800000, 0x0000000703800000, 0x0000000703a00000|  0%| F|  |TAMS 0x0000000703800000| PB 0x0000000703800000| Untracked |  0
|  20|0x0000000703a00000, 0x0000000703a00000, 0x0000000703c00000|  0%| F|  |TAMS 0x0000000703a00000| PB 0x0000000703a00000| Untracked |  0
|  21|0x0000000703c00000, 0x0000000703c00000, 0x0000000703e00000|  0%| F|  |TAMS 0x0000000703c00000| PB 0x0000000703c00000| Untracked |  0
|  22|0x0000000703e00000, 0x0000000703e00000, 0x0000000704000000|  0%| F|  |TAMS 0x0000000703e00000| PB 0x0000000703e00000| Untracked |  0
|  23|0x0000000704000000, 0x0000000704000000, 0x0000000704200000|  0%| F|  |TAMS 0x0000000704000000| PB 0x0000000704000000| Untracked |  0
|  24|0x0000000704200000, 0x0000000704200000, 0x0000000704400000|  0%| F|  |TAMS 0x0000000704200000| PB 0x0000000704200000| Untracked |  0
|  25|0x0000000704400000, 0x0000000704400000, 0x0000000704600000|  0%| F|  |TAMS 0x0000000704400000| PB 0x0000000704400000| Untracked |  0
|  26|0x0000000704600000, 0x0000000704600000, 0x0000000704800000|  0%| F|  |TAMS 0x0000000704600000| PB 0x0000000704600000| Untracked |  0
|  27|0x0000000704800000, 0x0000000704800000, 0x0000000704a00000|  0%| F|  |TAMS 0x0000000704800000| PB 0x0000000704800000| Untracked |  0
|  28|0x0000000704a00000, 0x0000000704a00000, 0x0000000704c00000|  0%| F|  |TAMS 0x0000000704a00000| PB 0x0000000704a00000| Untracked |  0
|  29|0x0000000704c00000, 0x0000000704c00000, 0x0000000704e00000|  0%| F|  |TAMS 0x0000000704c00000| PB 0x0000000704c00000| Untracked |  0
|  30|0x0000000704e00000, 0x0000000704e00000, 0x0000000705000000|  0%| F|  |TAMS 0x0000000704e00000| PB 0x0000000704e00000| Untracked |  0
|  31|0x0000000705000000, 0x0000000705000000, 0x0000000705200000|  0%| F|  |TAMS 0x0000000705000000| PB 0x0000000705000000| Untracked |  0
|  32|0x0000000705200000, 0x0000000705200000, 0x0000000705400000|  0%| F|  |TAMS 0x0000000705200000| PB 0x0000000705200000| Untracked |  0
|  33|0x0000000705400000, 0x0000000705400000, 0x0000000705600000|  0%| F|  |TAMS 0x0000000705400000| PB 0x0000000705400000| Untracked |  0
|  34|0x0000000705600000, 0x0000000705600000, 0x0000000705800000|  0%| F|  |TAMS 0x0000000705600000| PB 0x0000000705600000| Untracked |  0
|  35|0x0000000705800000, 0x0000000705800000, 0x0000000705a00000|  0%| F|  |TAMS 0x0000000705800000| PB 0x0000000705800000| Untracked |  0
|  36|0x0000000705a00000, 0x0000000705a00000, 0x0000000705c00000|  0%| F|  |TAMS 0x0000000705a00000| PB 0x0000000705a00000| Untracked |  0
|  37|0x0000000705c00000, 0x0000000705c00000, 0x0000000705e00000|  0%| F|  |TAMS 0x0000000705c00000| PB 0x0000000705c00000| Untracked |  0
|  38|0x0000000705e00000, 0x0000000705e00000, 0x0000000706000000|  0%| F|  |TAMS 0x0000000705e00000| PB 0x0000000705e00000| Untracked |  0
|  39|0x0000000706000000, 0x0000000706000000, 0x0000000706200000|  0%| F|  |TAMS 0x0000000706000000| PB 0x0000000706000000| Untracked |  0
|  40|0x0000000706200000, 0x0000000706200000, 0x0000000706400000|  0%| F|  |TAMS 0x0000000706200000| PB 0x0000000706200000| Untracked |  0
|  41|0x0000000706400000, 0x0000000706400000, 0x0000000706600000|  0%| F|  |TAMS 0x0000000706400000| PB 0x0000000706400000| Untracked |  0
|  42|0x0000000706600000, 0x0000000706600000, 0x0000000706800000|  0%| F|  |TAMS 0x0000000706600000| PB 0x0000000706600000| Untracked |  0
|  43|0x0000000706800000, 0x0000000706800000, 0x0000000706a00000|  0%| F|  |TAMS 0x0000000706800000| PB 0x0000000706800000| Untracked |  0
|  44|0x0000000706a00000, 0x0000000706a00000, 0x0000000706c00000|  0%| F|  |TAMS 0x0000000706a00000| PB 0x0000000706a00000| Untracked |  0
|  45|0x0000000706c00000, 0x0000000706c00000, 0x0000000706e00000|  0%| F|  |TAMS 0x0000000706c00000| PB 0x0000000706c00000| Untracked |  0
|  46|0x0000000706e00000, 0x0000000706e00000, 0x0000000707000000|  0%| F|  |TAMS 0x0000000706e00000| PB 0x0000000706e00000| Untracked |  0
|  47|0x0000000707000000, 0x0000000707000000, 0x0000000707200000|  0%| F|  |TAMS 0x0000000707000000| PB 0x0000000707000000| Untracked |  0
|  48|0x0000000707200000, 0x0000000707200000, 0x0000000707400000|  0%| F|  |TAMS 0x0000000707200000| PB 0x0000000707200000| Untracked |  0
|  49|0x0000000707400000, 0x0000000707400000, 0x0000000707600000|  0%| F|  |TAMS 0x0000000707400000| PB 0x0000000707400000| Untracked |  0
|  50|0x0000000707600000, 0x0000000707600000, 0x0000000707800000|  0%| F|  |TAMS 0x0000000707600000| PB 0x0000000707600000| Untracked |  0
|  51|0x0000000707800000, 0x0000000707800000, 0x0000000707a00000|  0%| F|  |TAMS 0x0000000707800000| PB 0x0000000707800000| Untracked |  0
|  52|0x0000000707a00000, 0x0000000707a00000, 0x0000000707c00000|  0%| F|  |TAMS 0x0000000707a00000| PB 0x0000000707a00000| Untracked |  0
|  53|0x0000000707c00000, 0x0000000707c00000, 0x0000000707e00000|  0%| F|  |TAMS 0x0000000707c00000| PB 0x0000000707c00000| Untracked |  0
|  54|0x0000000707e00000, 0x0000000707e00000, 0x0000000708000000|  0%| F|  |TAMS 0x0000000707e00000| PB 0x0000000707e00000| Untracked |  0
|  55|0x0000000708000000, 0x0000000708000000, 0x0000000708200000|  0%| F|  |TAMS 0x0000000708000000| PB 0x0000000708000000| Untracked |  0
|  56|0x0000000708200000, 0x0000000708200000, 0x0000000708400000|  0%| F|  |TAMS 0x0000000708200000| PB 0x0000000708200000| Untracked |  0
|  57|0x0000000708400000, 0x0000000708400000, 0x0000000708600000|  0%| F|  |TAMS 0x0000000708400000| PB 0x0000000708400000| Untracked |  0
|  58|0x0000000708600000, 0x0000000708600000, 0x0000000708800000|  0%| F|  |TAMS 0x0000000708600000| PB 0x0000000708600000| Untracked |  0
|  59|0x0000000708800000, 0x0000000708800000, 0x0000000708a00000|  0%| F|  |TAMS 0x0000000708800000| PB 0x0000000708800000| Untracked |  0
|  60|0x0000000708a00000, 0x0000000708a00000, 0x0000000708c00000|  0%| F|  |TAMS 0x0000000708a00000| PB 0x0000000708a00000| Untracked |  0
|  61|0x0000000708c00000, 0x0000000708c00000, 0x0000000708e00000|  0%| F|  |TAMS 0x0000000708c00000| PB 0x0000000708c00000| Untracked |  0
|  62|0x0000000708e00000, 0x0000000708e00000, 0x0000000709000000|  0%| F|  |TAMS 0x0000000708e00000| PB 0x0000000708e00000| Untracked |  0
|  63|0x0000000709000000, 0x0000000709000000, 0x0000000709200000|  0%| F|  |TAMS 0x0000000709000000| PB 0x0000000709000000| Untracked |  0
|  64|0x0000000709200000, 0x0000000709200000, 0x0000000709400000|  0%| F|  |TAMS 0x0000000709200000| PB 0x0000000709200000| Untracked |  0
|  65|0x0000000709400000, 0x0000000709400000, 0x0000000709600000|  0%| F|  |TAMS 0x0000000709400000| PB 0x0000000709400000| Untracked |  0
|  66|0x0000000709600000, 0x0000000709600000, 0x0000000709800000|  0%| F|  |TAMS 0x0000000709600000| PB 0x0000000709600000| Untracked |  0
|  67|0x0000000709800000, 0x0000000709800000, 0x0000000709a00000|  0%| F|  |TAMS 0x0000000709800000| PB 0x0000000709800000| Untracked |  0
|  68|0x0000000709a00000, 0x0000000709a00000, 0x0000000709c00000|  0%| F|  |TAMS 0x0000000709a00000| PB 0x0000000709a00000| Untracked |  0
|  69|0x0000000709c00000, 0x0000000709c00000, 0x0000000709e00000|  0%| F|  |TAMS 0x0000000709c00000| PB 0x0000000709c00000| Untracked |  0
|  70|0x0000000709e00000, 0x0000000709e00000, 0x000000070a000000|  0%| F|  |TAMS 0x0000000709e00000| PB 0x0000000709e00000| Untracked |  0
|  71|0x000000070a000000, 0x000000070a000000, 0x000000070a200000|  0%| F|  |TAMS 0x000000070a000000| PB 0x000000070a000000| Untracked |  0
|  72|0x000000070a200000, 0x000000070a200000, 0x000000070a400000|  0%| F|  |TAMS 0x000000070a200000| PB 0x000000070a200000| Untracked |  0
|  73|0x000000070a400000, 0x000000070a400000, 0x000000070a600000|  0%| F|  |TAMS 0x000000070a400000| PB 0x000000070a400000| Untracked |  0
|  74|0x000000070a600000, 0x000000070a600000, 0x000000070a800000|  0%| F|  |TAMS 0x000000070a600000| PB 0x000000070a600000| Untracked |  0
|  75|0x000000070a800000, 0x000000070a800000, 0x000000070aa00000|  0%| F|  |TAMS 0x000000070a800000| PB 0x000000070a800000| Untracked |  0
|  76|0x000000070aa00000, 0x000000070aa00000, 0x000000070ac00000|  0%| F|  |TAMS 0x000000070aa00000| PB 0x000000070aa00000| Untracked |  0
|  77|0x000000070ac00000, 0x000000070ac00000, 0x000000070ae00000|  0%| F|  |TAMS 0x000000070ac00000| PB 0x000000070ac00000| Untracked |  0
|  78|0x000000070ae00000, 0x000000070ae00000, 0x000000070b000000|  0%| F|  |TAMS 0x000000070ae00000| PB 0x000000070ae00000| Untracked |  0
|  79|0x000000070b000000, 0x000000070b000000, 0x000000070b200000|  0%| F|  |TAMS 0x000000070b000000| PB 0x000000070b000000| Untracked |  0
|  80|0x000000070b200000, 0x000000070b200000, 0x000000070b400000|  0%| F|  |TAMS 0x000000070b200000| PB 0x000000070b200000| Untracked |  0
|  81|0x000000070b400000, 0x000000070b400000, 0x000000070b600000|  0%| F|  |TAMS 0x000000070b400000| PB 0x000000070b400000| Untracked |  0
|  82|0x000000070b600000, 0x000000070b600000, 0x000000070b800000|  0%| F|  |TAMS 0x000000070b600000| PB 0x000000070b600000| Untracked |  0
|  83|0x000000070b800000, 0x000000070b800000, 0x000000070ba00000|  0%| F|  |TAMS 0x000000070b800000| PB 0x000000070b800000| Untracked |  0
|  84|0x000000070ba00000, 0x000000070ba00000, 0x000000070bc00000|  0%| F|  |TAMS 0x000000070ba00000| PB 0x000000070ba00000| Untracked |  0
|  85|0x000000070bc00000, 0x000000070bc00000, 0x000000070be00000|  0%| F|  |TAMS 0x000000070bc00000| PB 0x000000070bc00000| Untracked |  0
|  86|0x000000070be00000, 0x000000070be00000, 0x000000070c000000|  0%| F|  |TAMS 0x000000070be00000| PB 0x000000070be00000| Untracked |  0
|  87|0x000000070c000000, 0x000000070c000000, 0x000000070c200000|  0%| F|  |TAMS 0x000000070c000000| PB 0x000000070c000000| Untracked |  0
|  88|0x000000070c200000, 0x000000070c200000, 0x000000070c400000|  0%| F|  |TAMS 0x000000070c200000| PB 0x000000070c200000| Untracked |  0
|  89|0x000000070c400000, 0x000000070c400000, 0x000000070c600000|  0%| F|  |TAMS 0x000000070c400000| PB 0x000000070c400000| Untracked |  0
|  90|0x000000070c600000, 0x000000070c600000, 0x000000070c800000|  0%| F|  |TAMS 0x000000070c600000| PB 0x000000070c600000| Untracked |  0
|  91|0x000000070c800000, 0x000000070c800000, 0x000000070ca00000|  0%| F|  |TAMS 0x000000070c800000| PB 0x000000070c800000| Untracked |  0
|  92|0x000000070ca00000, 0x000000070ca00000, 0x000000070cc00000|  0%| F|  |TAMS 0x000000070ca00000| PB 0x000000070ca00000| Untracked |  0
|  93|0x000000070cc00000, 0x000000070cc00000, 0x000000070ce00000|  0%| F|  |TAMS 0x000000070cc00000| PB 0x000000070cc00000| Untracked |  0
|  94|0x000000070ce00000, 0x000000070ce00000, 0x000000070d000000|  0%| F|  |TAMS 0x000000070ce00000| PB 0x000000070ce00000| Untracked |  0
|  95|0x000000070d000000, 0x000000070d000000, 0x000000070d200000|  0%| F|  |TAMS 0x000000070d000000| PB 0x000000070d000000| Untracked |  0
|  96|0x000000070d200000, 0x000000070d200000, 0x000000070d400000|  0%| F|  |TAMS 0x000000070d200000| PB 0x000000070d200000| Untracked |  0
|  97|0x000000070d400000, 0x000000070d400000, 0x000000070d600000|  0%| F|  |TAMS 0x000000070d400000| PB 0x000000070d400000| Untracked |  0
|  98|0x000000070d600000, 0x000000070d600000, 0x000000070d800000|  0%| F|  |TAMS 0x000000070d600000| PB 0x000000070d600000| Untracked |  0
|  99|0x000000070d800000, 0x000000070d800000, 0x000000070da00000|  0%| F|  |TAMS 0x000000070d800000| PB 0x000000070d800000| Untracked |  0
| 100|0x000000070da00000, 0x000000070da00000, 0x000000070dc00000|  0%| F|  |TAMS 0x000000070da00000| PB 0x000000070da00000| Untracked |  0
| 101|0x000000070dc00000, 0x000000070dc00000, 0x000000070de00000|  0%| F|  |TAMS 0x000000070dc00000| PB 0x000000070dc00000| Untracked |  0
| 102|0x000000070de00000, 0x000000070de00000, 0x000000070e000000|  0%| F|  |TAMS 0x000000070de00000| PB 0x000000070de00000| Untracked |  0
| 103|0x000000070e000000, 0x000000070e000000, 0x000000070e200000|  0%| F|  |TAMS 0x000000070e000000| PB 0x000000070e000000| Untracked |  0
| 104|0x000000070e200000, 0x000000070e200000, 0x000000070e400000|  0%| F|  |TAMS 0x000000070e200000| PB 0x000000070e200000| Untracked |  0
| 105|0x000000070e400000, 0x000000070e400000, 0x000000070e600000|  0%| F|  |TAMS 0x000000070e400000| PB 0x000000070e400000| Untracked |  0
| 106|0x000000070e600000, 0x000000070e600000, 0x000000070e800000|  0%| F|  |TAMS 0x000000070e600000| PB 0x000000070e600000| Untracked |  0
| 107|0x000000070e800000, 0x000000070e800000, 0x000000070ea00000|  0%| F|  |TAMS 0x000000070e800000| PB 0x000000070e800000| Untracked |  0
| 108|0x000000070ea00000, 0x000000070ea00000, 0x000000070ec00000|  0%| F|  |TAMS 0x000000070ea00000| PB 0x000000070ea00000| Untracked |  0
| 109|0x000000070ec00000, 0x000000070ec00000, 0x000000070ee00000|  0%| F|  |TAMS 0x000000070ec00000| PB 0x000000070ec00000| Untracked |  0
| 110|0x000000070ee00000, 0x000000070ee00000, 0x000000070f000000|  0%| F|  |TAMS 0x000000070ee00000| PB 0x000000070ee00000| Untracked |  0
| 111|0x000000070f000000, 0x000000070f000000, 0x000000070f200000|  0%| F|  |TAMS 0x000000070f000000| PB 0x000000070f000000| Untracked |  0
| 112|0x000000070f200000, 0x000000070f200000, 0x000000070f400000|  0%| F|  |TAMS 0x000000070f200000| PB 0x000000070f200000| Untracked |  0
| 113|0x000000070f400000, 0x000000070f400000, 0x000000070f600000|  0%| F|  |TAMS 0x000000070f400000| PB 0x000000070f400000| Untracked |  0
| 114|0x000000070f600000, 0x000000070f600000, 0x000000070f800000|  0%| F|  |TAMS 0x000000070f600000| PB 0x000000070f600000| Untracked |  0
| 115|0x000000070f800000, 0x000000070f800000, 0x000000070fa00000|  0%| F|  |TAMS 0x000000070f800000| PB 0x000000070f800000| Untracked |  0
| 116|0x000000070fa00000, 0x000000070fa00000, 0x000000070fc00000|  0%| F|  |TAMS 0x000000070fa00000| PB 0x000000070fa00000| Untracked |  0
| 117|0x000000070fc00000, 0x000000070fc00000, 0x000000070fe00000|  0%| F|  |TAMS 0x000000070fc00000| PB 0x000000070fc00000| Untracked |  0
| 118|0x000000070fe00000, 0x000000070fe00000, 0x0000000710000000|  0%| F|  |TAMS 0x000000070fe00000| PB 0x000000070fe00000| Untracked |  0
| 119|0x0000000710000000, 0x00000007100f5c48, 0x0000000710200000| 48%| E|  |TAMS 0x0000000710000000| PB 0x0000000710000000| Complete |  0
| 120|0x0000000710200000, 0x0000000710400000, 0x0000000710400000|100%| E|CS|TAMS 0x0000000710200000| PB 0x0000000710200000| Complete |  0
| 121|0x0000000710400000, 0x0000000710600000, 0x0000000710600000|100%| E|CS|TAMS 0x0000000710400000| PB 0x0000000710400000| Complete |  0
| 122|0x0000000710600000, 0x0000000710800000, 0x0000000710800000|100%| E|CS|TAMS 0x0000000710600000| PB 0x0000000710600000| Complete |  0
| 123|0x0000000710800000, 0x0000000710a00000, 0x0000000710a00000|100%| E|CS|TAMS 0x0000000710800000| PB 0x0000000710800000| Complete |  0
| 124|0x0000000710a00000, 0x0000000710c00000, 0x0000000710c00000|100%| E|CS|TAMS 0x0000000710a00000| PB 0x0000000710a00000| Complete |  0
| 125|0x0000000710c00000, 0x0000000710e00000, 0x0000000710e00000|100%| E|CS|TAMS 0x0000000710c00000| PB 0x0000000710c00000| Complete |  0
| 126|0x0000000710e00000, 0x0000000711000000, 0x0000000711000000|100%| E|CS|TAMS 0x0000000710e00000| PB 0x0000000710e00000| Complete |  0
| 127|0x0000000711000000, 0x0000000711200000, 0x0000000711200000|100%| E|CS|TAMS 0x0000000711000000| PB 0x0000000711000000| Complete |  0
|2037|0x00000007ffc00000, 0x00000007ffe00000, 0x00000007ffe00000|100%| O|  |TAMS 0x00000007ffc00000| PB 0x00000007ffc00000| Untracked |  0
|2038|0x00000007ffe00000, 0x00000007ffe41038, 0x0000000800000000| 12%| O|  |TAMS 0x00000007ffe00000| PB 0x00000007ffe00000| Untracked |  0

Card table byte_map: [0x0000022664380000,0x0000022664b80000] _byte_map_base: 0x0000022660b77000

Marking Bits: (CMBitMap*) 0x0000022650293140
 Bits: [0x0000022664b80000, 0x0000022668b38000)

Polling page: 0x000002264ddd0000

Metaspace:
Metaspace        used 3464K, committed 3712K, reserved 1114112K
 class space     used 417K, committed 512K, reserved 1048576K

Usage:
  Non-class:      2.98 MB used.
      Class:    417.15 KB used.
       Both:      3.38 MB used.

Virtual space:
  Non-class space:       64.00 MB reserved,       3.12 MB (  5%) committed,  1 nodes.
      Class space:        1.00 GB reserved,     512.00 KB ( <1%) committed,  1 nodes.
             Both:        1.06 GB reserved,       3.62 MB ( <1%) committed. 

Chunk freelists:
   Non-Class:  10.43 MB
       Class:  15.45 MB
        Both:  25.88 MB

MaxMetaspaceSize: unlimited
CompressedClassSpaceSize: 1.00 GB
Initial GC threshold: 21.00 MB
Current GC threshold: 21.00 MB
CDS: on
 - commit_granule_bytes: 65536.
 - commit_granule_words: 8192.
 - virtual_space_node_default_size: 8388608.
 - enlarge_chunks_in_place: 1.
UseCompressedClassPointers 1, UseCompactObjectHeaders 0
Narrow klass pointer bits 32, Max shift 3
Narrow klass base: 0x0000000095000000, Narrow klass shift: 0
Encoding Range: [0x0000000095000000 - 0x0000000195000000), (4294967296 bytes)
Klass Range:    [0x0000000095010000 - 0x00000000d7000000), (1107230720 bytes)
Klass ID Range:  [65536 - 1107296249) (1107230713)
Protection zone: [0x0000000095000000 - 0x0000000095010000), (65536 bytes)


Internal statistics:

num_allocs_failed_limit: 0.
num_arena_births: 106.
num_arena_deaths: 0.
num_vsnodes_births: 2.
num_vsnodes_deaths: 0.
num_space_committed: 58.
num_space_uncommitted: 0.
num_chunks_returned_to_freelist: 0.
num_chunks_taken_from_freelist: 224.
num_chunk_merges: 0.
num_chunk_splits: 139.
num_chunks_enlarged: 86.
num_inconsistent_stats: 0.

CodeHeap 'non-profiled nmethods': size=120064Kb used=336Kb max_used=336Kb free=119727Kb
 bounds [0x000002265c0f0000, 0x000002265c360000, 0x0000022663630000]
CodeHeap 'profiled nmethods': size=120000Kb used=1588Kb max_used=1588Kb free=118411Kb
 bounds [0x0000022654630000, 0x00000226548a0000, 0x000002265bb60000]
CodeHeap 'non-nmethods': size=5696Kb used=1416Kb max_used=1425Kb free=4279Kb
 bounds [0x000002265bb60000, 0x000002265bdd0000, 0x000002265c0f0000]
CodeCache: size=245760Kb, used=3340Kb, max_used=3349Kb, free=242417Kb
 total_blobs=1730, nmethods=1198, adapters=434, full_count=0
Compilation: enabled, stopped_count=0, restarted_count=0

Compilation events (20 events):
Event: 0.391 Thread 0x000002266b75f2f0 nmethod 1060 0x000002265c13e288 code [0x000002265c13e380, 0x000002265c13e650]
Event: 0.391 Thread 0x000002266b75f2f0 1062       4       sun.security.util.math.intpoly.IntegerPolynomial$MutableElement::setProduct (58 bytes)
Event: 0.391 Thread 0x000002266baa0e70 nmethod 1061 0x000002265c13e688 code [0x000002265c13e780, 0x000002265c13ea28]
Event: 0.391 Thread 0x000002266baa0e70 1066       4       sun.security.util.math.intpoly.IntegerPolynomial$MutableElement::setDifference (6 bytes)
Event: 0.391 Thread 0x000002266b76afe0 nmethod 1069 0x0000022654781e88 code [0x0000022654781f80, 0x00000226547833d8]
Event: 0.391 Thread 0x000002266b76afe0 1070       3       java.security.Provider$ServiceKey::matches (22 bytes)
Event: 0.391 Thread 0x000002266b76afe0 nmethod 1070 0x0000022654783408 code [0x0000022654783500, 0x0000022654783690]
Event: 0.391 Thread 0x000002266b76afe0 1068       3       sun.security.jca.ProviderList::getProvider (22 bytes)
Event: 0.392 Thread 0x000002266b76afe0 nmethod 1068 0x0000022654783708 code [0x0000022654783800, 0x0000022654783a60]
Event: 0.392 Thread 0x000002266b76afe0 1071       3       sun.security.provider.SHA2::implCompress0 (448 bytes)
Event: 0.393 Thread 0x000002266b76afe0 nmethod 1071 0x0000022654783a88 code [0x0000022654783b80, 0x0000022654784770]
Event: 0.393 Thread 0x000002266b76afe0 1072       1       java.util.concurrent.locks.AbstractQueuedSynchronizer::getState (5 bytes)
Event: 0.393 Thread 0x000002266b76afe0 nmethod 1072 0x000002265c13ea88 code [0x000002265c13eb80, 0x000002265c13ec48]
Event: 0.395 Thread 0x000002266b76afe0 1074       3       java.lang.invoke.VarHandle::checkAccessModeThenIsDirect (29 bytes)
Event: 0.395 Thread 0x000002266b76afe0 nmethod 1074 0x0000022654784788 code [0x0000022654784880, 0x00000226547851f8]
Event: 0.395 Thread 0x000002266b76afe0 1075       3       jdk.internal.misc.Unsafe::getLongUnaligned (12 bytes)
Event: 0.395 Thread 0x000002266b76afe0 nmethod 1075 0x0000022654785208 code [0x0000022654785300, 0x00000226547854e0]
Event: 0.395 Thread 0x000002266b76afe0 1076       3       jdk.internal.misc.Unsafe::convEndian (16 bytes)
Event: 0.395 Thread 0x000002266b76afe0 nmethod 1076 0x0000022654785508 code [0x0000022654785600, 0x0000022654785758]
Event: 0.395 Thread 0x000002266b76afe0 1078       3       java.nio.HeapByteBuffer::<init> (23 bytes)

GC Heap Usage History (0 events):
No events

Metaspace Usage History (0 events):
No events

Dll operation events (2 events):
Event: 0.010 Loaded shared library C:\Program Files\JetBrains\IntelliJ IDEA 2025.3\jbr\bin\java.dll
Event: 0.096 Loaded shared library C:\Program Files\JetBrains\IntelliJ IDEA 2025.3\jbr\bin\zip.dll

Deoptimization events (20 events):
Event: 0.386 Thread 0x000002267079bd50 Uncommon trap: trap_request=0xffffff5e fr.pc=0x000002265c137510 relative=0x0000000000000210
Event: 0.386 Thread 0x000002267079bd50 Uncommon trap: reason=speculate_class_check action=maybe_recompile pc=0x000002265c137510 method=sun.security.util.math.intpoly.IntegerPolynomial.multByInt([JJ)V @ 26 c2
Event: 0.386 Thread 0x000002267079bd50 DEOPT PACKING pc=0x000002265c137510 sp=0x000000d8afefe940
Event: 0.386 Thread 0x000002267079bd50 DEOPT UNPACKING pc=0x000002265bc81282 sp=0x000000d8afefe850 mode 2
Event: 0.386 Thread 0x000002267079bd50 Uncommon trap: trap_request=0xffffffde fr.pc=0x000002265c135b70 relative=0x0000000000000170
Event: 0.386 Thread 0x000002267079bd50 Uncommon trap: reason=class_check action=maybe_recompile pc=0x000002265c135b70 method=sun.security.util.math.intpoly.IntegerPolynomial.multByInt([JJ)V @ 26 c2
Event: 0.386 Thread 0x000002267079bd50 DEOPT PACKING pc=0x000002265c135b70 sp=0x000000d8afefe8b0
Event: 0.386 Thread 0x000002267079bd50 DEOPT UNPACKING pc=0x000002265bc81282 sp=0x000000d8afefe850 mode 2
Event: 0.386 Thread 0x000002267079bd50 Uncommon trap: trap_request=0xffffffde fr.pc=0x000002265c135b70 relative=0x0000000000000170
Event: 0.386 Thread 0x000002267079bd50 Uncommon trap: reason=class_check action=maybe_recompile pc=0x000002265c135b70 method=sun.security.util.math.intpoly.IntegerPolynomial.multByInt([JJ)V @ 26 c2
Event: 0.386 Thread 0x000002267079bd50 DEOPT PACKING pc=0x000002265c135b70 sp=0x000000d8afefe8b0
Event: 0.386 Thread 0x000002267079bd50 DEOPT UNPACKING pc=0x000002265bc81282 sp=0x000000d8afefe850 mode 2
Event: 0.387 Thread 0x000002267079bd50 Uncommon trap: trap_request=0xffffffde fr.pc=0x000002265c135b70 relative=0x0000000000000170
Event: 0.387 Thread 0x000002267079bd50 Uncommon trap: reason=class_check action=maybe_recompile pc=0x000002265c135b70 method=sun.security.util.math.intpoly.IntegerPolynomial.multByInt([JJ)V @ 26 c2
Event: 0.387 Thread 0x000002267079bd50 DEOPT PACKING pc=0x000002265c135b70 sp=0x000000d8afefe8b0
Event: 0.387 Thread 0x000002267079bd50 DEOPT UNPACKING pc=0x000002265bc81282 sp=0x000000d8afefe850 mode 2
Event: 0.387 Thread 0x000002267079bd50 Uncommon trap: trap_request=0xffffffde fr.pc=0x000002265c135b70 relative=0x0000000000000170
Event: 0.387 Thread 0x000002267079bd50 Uncommon trap: reason=class_check action=maybe_recompile pc=0x000002265c135b70 method=sun.security.util.math.intpoly.IntegerPolynomial.multByInt([JJ)V @ 26 c2
Event: 0.387 Thread 0x000002267079bd50 DEOPT PACKING pc=0x000002265c135b70 sp=0x000000d8afefe8b0
Event: 0.387 Thread 0x000002267079bd50 DEOPT UNPACKING pc=0x000002265bc81282 sp=0x000000d8afefe850 mode 2

Classes loaded (20 events):
Event: 0.388 Loading class com/sun/crypto/provider/HKDFKeyDerivation$HKDFSHA256
Event: 0.388 Loading class com/sun/crypto/provider/HKDFKeyDerivation
Event: 0.388 Loading class javax/crypto/KDFSpi
Event: 0.388 Loading class javax/crypto/KDFSpi done
Event: 0.388 Loading class com/sun/crypto/provider/HKDFKeyDerivation done
Event: 0.388 Loading class com/sun/crypto/provider/HKDFKeyDerivation$HKDFSHA256 done
Event: 0.388 Loading class com/sun/crypto/provider/HKDFKeyDerivation$SupportedHmac
Event: 0.388 Loading class com/sun/crypto/provider/HKDFKeyDerivation$SupportedHmac done
Event: 0.388 Loading class javax/crypto/KDF$Delegate
Event: 0.388 Loading class javax/crypto/KDF$Delegate done
Event: 0.388 Loading class javax/crypto/spec/HKDFParameterSpec
Event: 0.388 Loading class javax/crypto/spec/HKDFParameterSpec done
Event: 0.388 Loading class javax/crypto/spec/HKDFParameterSpec$Builder
Event: 0.388 Loading class javax/crypto/spec/HKDFParameterSpec$Builder done
Event: 0.389 Loading class javax/crypto/spec/HKDFParameterSpec$Extract
Event: 0.389 Loading class javax/crypto/spec/HKDFParameterSpec$Extract done
Event: 0.390 Loading class javax/crypto/spec/HKDFParameterSpec$Expand
Event: 0.390 Loading class javax/crypto/spec/HKDFParameterSpec$Expand done
Event: 0.394 Loading class com/sun/crypto/provider/AEADBufferedStream
Event: 0.394 Loading class com/sun/crypto/provider/AEADBufferedStream done

Classes unloaded (0 events):
No events

Classes redefined (0 events):
No events

Internal exceptions (18 events):
Event: 0.109 Thread 0x000002264de1bde0 Exception <a 'sun/nio/fs/WindowsException'{0x0000000710f6a390}> (0x0000000710f6a390) 
thrown [s\src\hotspot\share\prims\jni.cpp, line 535]
Event: 0.159 Thread 0x000002264de1bde0 Exception <a 'java/lang/NoSuchMethodError'{0x0000000710ce5490}: 'java.lang.Object java.lang.invoke.DirectMethodHandle$Holder.invokeStaticInit(java.lang.Object, java.lang.Object, int, int, int, int)'> (0x0000000710ce5490) 
thrown [s\src\hotspot\share\interpreter\linkResolver.cpp, line 815]
Event: 0.178 Thread 0x000002264de1bde0 Exception <a 'java/lang/NoSuchMethodError'{0x0000000710d73098}: 'int java.lang.invoke.DirectMethodHandle$Holder.invokeSpecialIFC(java.lang.Object, java.lang.Object, java.lang.Object)'> (0x0000000710d73098) 
thrown [s\src\hotspot\share\interpreter\linkResolver.cpp, line 815]
Event: 0.199 Thread 0x000002264de1bde0 Exception <a 'java/lang/NoSuchMethodError'{0x0000000710a6c9c8}: 'long java.lang.invoke.DirectMethodHandle$Holder.invokeSpecial(java.lang.Object, java.lang.Object)'> (0x0000000710a6c9c8) 
thrown [s\src\hotspot\share\interpreter\linkResolver.cpp, line 815]
Event: 0.200 Thread 0x000002264de1bde0 Exception <a 'java/lang/NoSuchMethodError'{0x0000000710a838d8}: 'int java.lang.invoke.DirectMethodHandle$Holder.invokeStatic(java.lang.Object, java.lang.Object, java.lang.Object, java.lang.Object)'> (0x0000000710a838d8) 
thrown [s\src\hotspot\share\interpreter\linkResolver.cpp, line 815]
Event: 0.250 Thread 0x000002264de1bde0 Exception <a 'java/lang/NoSuchMethodError'{0x0000000710bd0160}: 'java.lang.Object java.lang.invoke.DirectMethodHandle$Holder.newInvokeSpecial(java.lang.Object, java.lang.Object, java.lang.Object, java.lang.Object, java.lang.Object)'> (0x0000000710bd0160) 
thrown [s\src\hotspot\share\interpreter\linkResolver.cpp, line 815]
Event: 0.268 Thread 0x000002264de1bde0 Exception <a 'java/lang/NoSuchMethodError'{0x00000007108b7c10}: 'java.lang.Object java.lang.invoke.DirectMethodHandle$Holder.invokeSpecial(java.lang.Object, java.lang.Object, java.lang.Object, java.lang.Object, java.lang.Object, int)'> (0x00000007108b7c10) 
thrown [s\src\hotspot\share\interpreter\linkResolver.cpp, line 815]
Event: 0.269 Thread 0x000002264de1bde0 Exception <a 'java/lang/NoSuchMethodError'{0x00000007108c8458}: 'java.lang.Object java.lang.invoke.Invokers$Holder.linkToTargetMethod(java.lang.Object, java.lang.Object, int, java.lang.Object)'> (0x00000007108c8458) 
thrown [s\src\hotspot\share\interpreter\linkResolver.cpp, line 815]
Event: 0.273 Thread 0x000002264de1bde0 Exception <a 'java/lang/NoSuchMethodError'{0x00000007108ea438}: 'void java.lang.invoke.DirectMethodHandle$Holder.invokeSpecial(java.lang.Object, java.lang.Object, java.lang.Object)'> (0x00000007108ea438) 
thrown [s\src\hotspot\share\interpreter\linkResolver.cpp, line 815]
Event: 0.283 Thread 0x000002266bca9e60 Exception <a 'java/lang/NoSuchMethodError'{0x0000000710600198}: 'int java.lang.invoke.DirectMethodHandle$Holder.invokeStatic(java.lang.Object, int, java.lang.Object)'> (0x0000000710600198) 
thrown [s\src\hotspot\share\interpreter\linkResolver.cpp, line 815]
Event: 0.284 Thread 0x000002266bca9e60 Exception <a 'java/lang/NoSuchMethodError'{0x00000007106176a0}: 'void java.lang.invoke.DirectMethodHandle$Holder.invokeStatic(java.lang.Object, java.lang.Object, int)'> (0x00000007106176a0) 
thrown [s\src\hotspot\share\interpreter\linkResolver.cpp, line 815]
Event: 0.285 Thread 0x000002266bca9e60 Exception <a 'java/lang/NoSuchMethodError'{0x00000007106269c0}: 'java.lang.Object java.lang.invoke.DirectMethodHandle$Holder.newInvokeSpecial(java.lang.Object, java.lang.Object, int)'> (0x00000007106269c0) 
thrown [s\src\hotspot\share\interpreter\linkResolver.cpp, line 815]
Event: 0.286 Thread 0x000002264de1bde0 Exception <a 'java/lang/NoSuchMethodError'{0x00000007109b1828}: 'void java.lang.invoke.DirectMethodHandle$Holder.invokeSpecial(java.lang.Object, java.lang.Object, java.lang.Object, java.lang.Object, java.lang.Object)'> (0x00000007109b1828) 
thrown [s\src\hotspot\share\interpreter\linkResolver.cpp, line 815]
Event: 0.290 Thread 0x000002267079bd50 Exception <a 'java/lang/NoSuchMethodError'{0x0000000710703750}: 'void java.lang.invoke.DirectMethodHandle$Holder.invokeInterface(java.lang.Object, java.lang.Object, java.lang.Object)'> (0x0000000710703750) 
thrown [s\src\hotspot\share\interpreter\linkResolver.cpp, line 815]
Event: 0.299 Thread 0x000002267079bd50 Exception <a 'java/lang/NoSuchMethodError'{0x000000071078fe48}: 'long java.lang.invoke.DirectMethodHandle$Holder.invokeStatic(java.lang.Object, long, long)'> (0x000000071078fe48) 
thrown [s\src\hotspot\share\interpreter\linkResolver.cpp, line 815]
Event: 0.299 Thread 0x000002266bca9e60 Exception <a 'java/lang/NoSuchMethodError'{0x0000000710664598}: 'long java.lang.invoke.DirectMethodHandle$Holder.invokeStatic(java.lang.Object, long, long)'> (0x0000000710664598) 
thrown [s\src\hotspot\share\interpreter\linkResolver.cpp, line 815]
Event: 0.376 Thread 0x000002267079bd50 Exception <a 'java/lang/NoSuchMethodError'{0x0000000710530898}: 'void java.lang.invoke.DirectMethodHandle$Holder.invokeInterface(java.lang.Object, java.lang.Object)'> (0x0000000710530898) 
thrown [s\src\hotspot\share\interpreter\linkResolver.cpp, line 815]
Event: 0.382 Thread 0x000002267079bd50 Exception <a 'java/lang/NoSuchMethodError'{0x0000000710574180}: 'java.lang.Object java.lang.invoke.Invokers$Holder.invoke_MT(java.lang.Object, java.lang.Object, java.lang.Object, java.lang.Object, java.lang.Object, java.lang.Object)'> (0x0000000710574180) 
thrown [s\src\hotspot\share\interpreter\linkResolver.cpp, line 815]

VM Operations (2 events):
Event: 0.143 Executing non-safepoint VM operation: HandshakeAllThreads (Deoptimize)
Event: 0.143 Executing non-safepoint VM operation: HandshakeAllThreads (Deoptimize) done

Memory protections (0 events):
No events

Nmethod flushes (0 events):
No events

Events (20 events):
Event: 0.043 Thread 0x000002264de1bde0 Thread added: 0x000002266b7531e0
Event: 0.043 Thread 0x000002264de1bde0 Thread added: 0x000002266b757c50
Event: 0.044 Thread 0x000002264de1bde0 Thread added: 0x000002266b75a8c0
Event: 0.044 Thread 0x000002264de1bde0 Thread added: 0x000002266b75b150
Event: 0.044 Thread 0x000002264de1bde0 Thread added: 0x000002266b75b910
Event: 0.044 Thread 0x000002264de1bde0 Thread added: 0x000002266b75c0d0
Event: 0.044 Thread 0x000002264de1bde0 Thread added: 0x000002266b75f2f0
Event: 0.044 Thread 0x000002264de1bde0 Thread added: 0x000002266b76afe0
Event: 0.049 Thread 0x000002264de1bde0 Thread added: 0x000002266b92b4e0
Event: 0.054 Loaded shared library C:\Program Files\JetBrains\IntelliJ IDEA 2025.3\jbr\bin\net.dll
Event: 0.056 Loaded shared library C:\Program Files\JetBrains\IntelliJ IDEA 2025.3\jbr\bin\nio.dll
Event: 0.061 Loaded shared library C:\Program Files\JetBrains\IntelliJ IDEA 2025.3\jbr\bin\zip.dll
Event: 0.115 Loaded shared library C:\Program Files\JetBrains\IntelliJ IDEA 2025.3\jbr\bin\jimage.dll
Event: 0.125 Thread 0x000002266b76afe0 Thread added: 0x000002266baa0e70
Event: 0.222 Loaded shared library C:\Program Files\JetBrains\IntelliJ IDEA 2025.3\jbr\bin\sunmscapi.dll
Event: 0.241 Loaded shared library C:\Program Files\JetBrains\IntelliJ IDEA 2025.3\jbr\bin\extnet.dll
Event: 0.246 Thread 0x000002264de1bde0 Thread added: 0x000002266bca9e60
Event: 0.288 Thread 0x000002266bca9e60 Thread added: 0x000002267079bd50
Event: 0.300 Thread 0x000002266bca9e60 Thread added: 0x00000226707a9340
Event: 0.331 Thread 0x000002266b76afe0 Thread added: 0x00000226707d3760


Dynamic libraries:
0x00007ff70e2a0000 - 0x00007ff70e2aa000 	C:\Program Files\JetBrains\IntelliJ IDEA 2025.3\jbr\bin\java.exe
0x00007ff853a70000 - 0x00007ff853c68000 	C:\WINDOWS\SYSTEM32\ntdll.dll
0x00007ff852950000 - 0x00007ff852a12000 	C:\WINDOWS\System32\KERNEL32.DLL
0x00007ff851730000 - 0x00007ff851a27000 	C:\WINDOWS\System32\KERNELBASE.dll
0x00007ff851180000 - 0x00007ff851280000 	C:\WINDOWS\System32\ucrtbase.dll
0x00007ff8475d0000 - 0x00007ff8475ee000 	C:\Program Files\JetBrains\IntelliJ IDEA 2025.3\jbr\bin\VCRUNTIME140.dll
0x00007ff830fd0000 - 0x00007ff830fe7000 	C:\Program Files\JetBrains\IntelliJ IDEA 2025.3\jbr\bin\jli.dll
0x00007ff852e60000 - 0x00007ff852ffd000 	C:\WINDOWS\System32\USER32.dll
0x00007ff851530000 - 0x00007ff851552000 	C:\WINDOWS\System32\win32u.dll
0x00007ff851ca0000 - 0x00007ff851ccb000 	C:\WINDOWS\System32\GDI32.dll
0x00007ff851610000 - 0x00007ff85172a000 	C:\WINDOWS\System32\gdi32full.dll
0x00007ff844ae0000 - 0x00007ff844d7b000 	C:\WINDOWS\WinSxS\amd64_microsoft.windows.common-controls_6595b64144ccf1df_6.0.19041.6926_none_60b5a53971f8f7e6\COMCTL32.dll
0x00007ff851280000 - 0x00007ff85131d000 	C:\WINDOWS\System32\msvcp_win.dll
0x00007ff851cd0000 - 0x00007ff851d6e000 	C:\WINDOWS\System32\msvcrt.dll
0x00007ff853a00000 - 0x00007ff853a2f000 	C:\WINDOWS\System32\IMM32.DLL
0x00007ff84df10000 - 0x00007ff84df1c000 	C:\Program Files\JetBrains\IntelliJ IDEA 2025.3\jbr\bin\vcruntime140_1.dll
0x00007ff827840000 - 0x00007ff8278c9000 	C:\Program Files\JetBrains\IntelliJ IDEA 2025.3\jbr\bin\msvcp140.dll
0x00007fffca300000 - 0x00007fffcb252000 	C:\Program Files\JetBrains\IntelliJ IDEA 2025.3\jbr\bin\server\jvm.dll
0x00007ff851f10000 - 0x00007ff851fc1000 	C:\WINDOWS\System32\ADVAPI32.dll
0x00007ff852a20000 - 0x00007ff852abf000 	C:\WINDOWS\System32\sechost.dll
0x00007ff852d30000 - 0x00007ff852e56000 	C:\WINDOWS\System32\RPCRT4.dll
0x00007ff851500000 - 0x00007ff851527000 	C:\WINDOWS\System32\bcrypt.dll
0x00007ff852ac0000 - 0x00007ff852b2b000 	C:\WINDOWS\System32\WS2_32.dll
0x00007ff850710000 - 0x00007ff85075b000 	C:\WINDOWS\SYSTEM32\POWRPROF.dll
0x00007ff841860000 - 0x00007ff841887000 	C:\WINDOWS\SYSTEM32\WINMM.dll
0x00007ff84a650000 - 0x00007ff84a65a000 	C:\WINDOWS\SYSTEM32\VERSION.dll
0x00007ff8506f0000 - 0x00007ff850702000 	C:\WINDOWS\SYSTEM32\UMPDC.dll
0x00007ff84ef50000 - 0x00007ff84ef62000 	C:\WINDOWS\SYSTEM32\kernel.appcore.dll
0x00007ff84def0000 - 0x00007ff84defa000 	C:\Program Files\JetBrains\IntelliJ IDEA 2025.3\jbr\bin\jimage.dll
0x00007ff840ed0000 - 0x00007ff8410d1000 	C:\WINDOWS\SYSTEM32\DBGHELP.DLL
0x00007ff831550000 - 0x00007ff831584000 	C:\WINDOWS\SYSTEM32\dbgcore.DLL
0x00007ff8510f0000 - 0x00007ff851172000 	C:\WINDOWS\System32\bcryptPrimitives.dll
0x00007ff847580000 - 0x00007ff84759f000 	C:\Program Files\JetBrains\IntelliJ IDEA 2025.3\jbr\bin\java.dll
0x00007ff852c00000 - 0x00007ff852d2b000 	C:\WINDOWS\System32\ole32.dll
0x00007ff852180000 - 0x00007ff8524d3000 	C:\WINDOWS\System32\combase.dll
0x00007ff853000000 - 0x00007ff853771000 	C:\WINDOWS\System32\SHELL32.dll
0x00007ff84f150000 - 0x00007ff84f8f6000 	C:\WINDOWS\SYSTEM32\windows.storage.dll
0x00007ff850a40000 - 0x00007ff850a6b000 	C:\WINDOWS\SYSTEM32\Wldp.dll
0x00007ff852b30000 - 0x00007ff852bfd000 	C:\WINDOWS\System32\OLEAUT32.dll
0x00007ff8520b0000 - 0x00007ff85215d000 	C:\WINDOWS\System32\SHCORE.dll
0x00007ff852050000 - 0x00007ff8520ab000 	C:\WINDOWS\System32\shlwapi.dll
0x00007ff851020000 - 0x00007ff851044000 	C:\WINDOWS\SYSTEM32\profapi.dll
0x00007ff847250000 - 0x00007ff847262000 	C:\Program Files\JetBrains\IntelliJ IDEA 2025.3\jbr\bin\net.dll
0x00007ff8507f0000 - 0x00007ff85085a000 	C:\WINDOWS\system32\mswsock.dll
0x00007ff847230000 - 0x00007ff847246000 	C:\Program Files\JetBrains\IntelliJ IDEA 2025.3\jbr\bin\nio.dll
0x00007ff847560000 - 0x00007ff847577000 	C:\Program Files\JetBrains\IntelliJ IDEA 2025.3\jbr\bin\zip.dll
0x00007ff850e00000 - 0x00007ff850e18000 	C:\WINDOWS\SYSTEM32\CRYPTSP.dll
0x00007ff850060000 - 0x00007ff850098000 	C:\WINDOWS\system32\rsaenh.dll
0x00007ff850fe0000 - 0x00007ff85100e000 	C:\WINDOWS\SYSTEM32\USERENV.dll
0x00007ff8509b0000 - 0x00007ff8509bc000 	C:\WINDOWS\SYSTEM32\CRYPTBASE.dll
0x00007ff850480000 - 0x00007ff8504bb000 	C:\WINDOWS\SYSTEM32\IPHLPAPI.DLL
0x00007ff851a80000 - 0x00007ff851a88000 	C:\WINDOWS\System32\NSI.dll
0x00007ff84de20000 - 0x00007ff84de2e000 	C:\Program Files\JetBrains\IntelliJ IDEA 2025.3\jbr\bin\sunmscapi.dll
0x00007ff8513a0000 - 0x00007ff8514fd000 	C:\WINDOWS\System32\CRYPT32.dll
0x00007ff850ab0000 - 0x00007ff850ad7000 	C:\WINDOWS\SYSTEM32\ncrypt.dll
0x00007ff850a70000 - 0x00007ff850aab000 	C:\WINDOWS\SYSTEM32\NTASN1.dll
0x00007ff82c060000 - 0x00007ff82c067000 	C:\WINDOWS\system32\wshunix.dll
0x00007ff84c1a0000 - 0x00007ff84c1a9000 	C:\Program Files\JetBrains\IntelliJ IDEA 2025.3\jbr\bin\extnet.dll

JVMTI agents: none

dbghelp: loaded successfully - version: 4.0.5 - missing functions: none
symbol engine: initialized successfully - sym options: 0x614 - pdb path: .;C:\Program Files\JetBrains\IntelliJ IDEA 2025.3\jbr\bin;C:\WINDOWS\SYSTEM32;C:\WINDOWS\WinSxS\amd64_microsoft.windows.common-controls_6595b64144ccf1df_6.0.19041.6926_none_60b5a53971f8f7e6;C:\Program Files\JetBrains\IntelliJ IDEA 2025.3\jbr\bin\server

VM Arguments:
java_command: git4idea.http.GitAskPassApp Username for 'https://github.com': 
java_class_path (initial): C:/Program Files/JetBrains/IntelliJ IDEA 2025.3/plugins/vcs-git/lib/git4idea-rt.jar;C:/Program Files/JetBrains/IntelliJ IDEA 2025.3/lib/externalProcess-rt.jar
Launcher Type: SUN_STANDARD

[Global flags]
     intx CICompilerCount                          = 4                                         {product} {ergonomic}
     uint ConcGCThreads                            = 3                                         {product} {ergonomic}
     uint G1ConcRefinementThreads                  = 10                                        {product} {ergonomic}
   size_t G1HeapRegionSize                         = 2097152                                   {product} {ergonomic}
   size_t InitialHeapSize                          = 268435456                                 {product} {ergonomic}
   size_t MarkStackSize                            = 4194304                                   {product} {ergonomic}
   size_t MarkStackSizeMax                         = 536870912                                 {product} {ergonomic}
   size_t MaxHeapSize                              = 4276092928                                {product} {ergonomic}
   size_t MaxNewSize                               = 2564816896                                {product} {ergonomic}
   size_t MinHeapDeltaBytes                        = 2097152                                   {product} {ergonomic}
   size_t MinHeapSize                              = 8388608                                   {product} {ergonomic}
    uintx NonNMethodCodeHeapSize                   = 5832704                                {pd product} {ergonomic}
    uintx NonProfiledCodeHeapSize                  = 122945536                              {pd product} {ergonomic}
    uintx ProfiledCodeHeapSize                     = 122880000                              {pd product} {ergonomic}
    uintx ReservedCodeCacheSize                    = 251658240                              {pd product} {ergonomic}
     bool SegmentedCodeCache                       = true                                      {product} {ergonomic}
   size_t SoftMaxHeapSize                          = 4276092928                             {manageable} {ergonomic}
     bool UseCompressedOops                        = true                           {product lp64_product} {ergonomic}
     bool UseG1GC                                  = true                                      {product} {ergonomic}
     bool UseLargePagesIndividualAllocation        = false                                  {pd product} {ergonomic}

Logging:
Log output configuration:
 #0: stdout all=warning uptime,level,tags foldmultilines=false
 #1: stderr all=off uptime,level,tags foldmultilines=false

Release file:
JAVA_VERSION="25.0.2" 
MODULES="java.base java.datatransfer java.xml java.prefs java.desktop gluegen.rt java.compiler java.instrument java.logging java.management java.security.sasl java.naming java.rmi java.management.rmi java.net.http java.scripting java.security.jgss java.transaction.xa java.sql java.sql.rowset java.xml.crypto java.se java.smartcardio jogl.all jcef jdk.accessibility jdk.internal.jvmstat jdk.attach jdk.charsets jdk.internal.opt jdk.zipfs jdk.compiler jdk.crypto.cryptoki jdk.crypto.ec jdk.crypto.mscapi jdk.dynalink jdk.hotspot.agent jdk.httpserver jdk.internal.ed jdk.internal.le jdk.internal.md jdk.internal.vm.ci jdk.javadoc jdk.jcmd jdk.jdwp.agent jdk.jdi jdk.jfr jdk.localedata jdk.management jdk.management.agent jdk.management.jfr jdk.naming.dns jdk.naming.rmi jdk.net jdk.sctp jdk.security.auth jdk.security.jgss jdk.unsupported jdk.unsupported.desktop jdk.xml.dom" 
IMPLEMENTOR="JetBrains s.r.o." 
IMPLEMENTOR_VERSION="JBR-25.0.2+1-329.72-jcef" 
JAVA_RUNTIME_VERSION="25.0.2+1-b329.72" 
LIBC="default" 
OS_ARCH="x86_64" 
OS_NAME="Windows" 
SOURCE=".:git:80f896300e04+ jcef_git:git:4a605f44671a" 
JCEF_VERSION="137.0.17.1131+ga492f5c" 
JCEF_COMMIT_HASH="a492f5c1bbe877d2f58d4b066d0a1c89ab579b84" 
JCEF_VERSION_DETAILED=137.0.17-gf354b0e-chromium-137.0.7151.104-api-1.21-261-b65

Environment Variables:
JAVA_HOME=C:\Program Files\Java\jdk-24
PATH=C:\Program Files\Git\mingw64\libexec\git-core;C:\Program Files\Git\mingw64\libexec\git-core;C:\Program Files\Git\mingw64\bin;C:\Program Files\Git\usr\bin;C:\Users\aristos\bin;C:\Python313\Scripts;C:\Python313;C:\Program Files\Common Files\Oracle\Java\javapath;C:\WINDOWS\system32;C:\WINDOWS;C:\WINDOWS\System32\Wbem;C:\WINDOWS\System32\WindowsPowerShell\v1.0;C:\WINDOWS\System32\OpenSSH;C:\Program Files (x86)\NVIDIA Corporation\PhysX\Common;C:\Program Files\Git\cmd;C:\Program Files\Docker\Docker\resources\bin;C:\Program Files\nodejs;C:\ProgramData\chocolatey\bin;C:\Users\aristos\Downloads\maven-mvnd-1.0.2-windows-amd64\maven-mvnd-1.0.2-windows-amd64\bin;C:\Program Files\NVIDIA Corporation\NVIDIA App\NvDLISR;C:\Program Files\Vim\vim91;C:\Program Files\db-derby-10.17.1.0-bin\bin;C:\Program Files\dotnet;C:\Program Files (x86)\gnupg\bin;C:\Users\aristos\Downloads\gcc-15.2.0-gdb-16.3.90.20250511-binutils-2.45-mingw-w64-v13.0.0-ucrt\bin;C:\Users\aristos\AppData\Roaming\Python\Python313;C:\Users\aristos\Desktop\???F???\???? f??e???\mining\gminer_3_44_windows64;C:\Users\aristos\AppData\Local\Microsoft\WindowsApps;C:\Users\aristos\AppData\Local\Programs\Microsoft VS Code\bin;C:\Users\aristos\AppData\Roaming\npm;C:\Program Files\JetBrains\IntelliJ IDEA 2025.3\bin;C:\Users\aristos\Downloads\maven-mvnd-1.0.2-windows-amd64\maven-mvnd-1.0.2-windows-amd64\mvn\bin;C:\Users\aristos\.dotnet\tools;C:\Users\aristos\AppData\Local\Programs\Obsidian
USERNAME=aristos
DISPLAY=:0.0
LC_ALL=en_US.UTF-8
TERM=xterm-256color
TMPDIR=C:\Users\aristos\AppData\Local\Temp
OS=Windows_NT
PROCESSOR_IDENTIFIER=AMD64 Family 23 Model 8 Stepping 2, AuthenticAMD
TMP=C:\Users\aristos\AppData\Local\Temp
TEMP=C:\Users\aristos\AppData\Local\Temp




Compilation memory statistics disabled.

Periodic native trim disabled

JNI global refs:
JNI global refs: 19, weak refs: 0

JNI global refs memory usage: 835, weak refs: 833

Process memory usage:
Resident Set Size: 90148K (0% of 16698312K total physical memory with 2874740K free physical memory)

OOME stack traces (most recent first):
Classloader memory used:
Loader bootstrap                                                                       : 1728 K
Loader jdk.internal.loader.ClassLoaders$PlatformClassLoader                            : 1705 K
Loader jdk.internal.loader.ClassLoaders$AppClassLoader                                 : 30960 B

---------------  S Y S T E M  ---------------

OS:
 Windows 10 , 64 bit Build 19041 (10.0.19041.6807)
OS uptime: 2 days 1:30 hours
Hyper-V role detected

CPU: total 12 (initial active 12) (12 cores per cpu, 2 threads per core) family 23 model 8 stepping 2 microcode 0x0, cx8, cmov, fxsr, ht, mmx, 3dnowpref, sse, sse2, sse3, ssse3, sse4a, sse4.1, sse4.2, popcnt, lzcnt, tsc, tscinvbit, avx, avx2, aes, clmul, bmi1, bmi2, adx, sha, fma, vzeroupper, clflush, clflushopt, hv, rdtscp, f16c
Processor Information for the first 12 processors :
  Max Mhz: 3400, Current Mhz: 3400, Mhz Limit: 3400

Memory: 4k page, system-wide physical 16306M (2807M free)
TotalPageFile size 20306M (AvailPageFile size 6M)
current process WorkingSet (physical memory assigned to process): 88M, peak: 88M
current process commit charge ("private bytes"): 379M, peak: 381M

vm_info: OpenJDK 64-Bit Server VM (25.0.2+1-b329.72) for windows-amd64 JRE (25.0.2+1-b329.72), built on 2026-03-02 with MS VC++ 17.14 (VS2022)

END.
